---
source: crates/core/tests/replay_snapshot.rs
assertion_line: 108
expression: redacted_frame(frame)
---
glyphs: 71
  "T" pos=[20,20] size=[10,18] style=6 block=0 idx=0 anim=1 alpha=1
  "i" pos=[30,20] size=[10,18] style=6 block=0 idx=1 anim=1 alpha=1
  "t" pos=[40,20] size=[10,18] style=6 block=0 idx=2 anim=1 alpha=1
  "l" pos=[50,20] size=[10,18] style=6 block=0 idx=3 anim=1 alpha=1
  "e" pos=[60,20] size=[10,18] style=6 block=0 idx=4 anim=1 alpha=1
  "H" pos=[20,38] size=[10,18] style=0 block=0 idx=6 anim=0 alpha=1
  "e" pos=[30,38] size=[10,18] style=0 block=0 idx=7 anim=0 alpha=1
  "l" pos=[40,38] size=[10,18] style=0 block=0 idx=8 anim=0 alpha=1
  "l" pos=[50,38] size=[10,18] style=0 block=0 idx=9 anim=0 alpha=1
  "o" pos=[60,38] size=[10,18] style=0 block=0 idx=10 anim=0 alpha=1
  " " pos=[70,38] size=[10,18] style=0 block=0 idx=11 anim=0 alpha=1
  "w" pos=[80,38] size=[10,18] style=0 block=0 idx=12 anim=0 alpha=1
  "o" pos=[90,38] size=[10,18] style=0 block=0 idx=13 anim=0 alpha=1
  "r" pos=[100,38] size=[10,18] style=0 block=0 idx=14 anim=0 alpha=1
  "l" pos=[110,38] size=[10,18] style=0 block=0 idx=15 anim=0 alpha=1
  "d" pos=[120,38] size=[10,18] style=0 block=0 idx=16 anim=0 alpha=1
  "," pos=[130,38] size=[10,18] style=0 block=0 idx=17 anim=0 alpha=1
  " " pos=[140,38] size=[10,18] style=0 block=0 idx=18 anim=0 alpha=1
  "s" pos=[150,38] size=[10,18] style=0 block=0 idx=19 anim=0 alpha=1
  "t" pos=[160,38] size=[10,18] style=0 block=0 idx=20 anim=0 alpha=1
  "r" pos=[170,38] size=[10,18] style=0 block=0 idx=21 anim=0 alpha=1
  "e" pos=[180,38] size=[10,18] style=0 block=0 idx=22 anim=0 alpha=1
  "a" pos=[190,38] size=[10,18] style=0 block=0 idx=23 anim=0 alpha=1
  "m" pos=[200,38] size=[10,18] style=0 block=0 idx=24 anim=0 alpha=1
  "i" pos=[210,38] size=[10,18] style=0 block=0 idx=25 anim=0 alpha=1
  "n" pos=[220,38] size=[10,18] style=0 block=0 idx=26 anim=0 alpha=1
  "g" pos=[230,38] size=[10,18] style=0 block=0 idx=27 anim=0 alpha=1
  " " pos=[240,38] size=[10,18] style=0 block=0 idx=28 anim=0 alpha=1
  "t" pos=[250,38] size=[10,18] style=0 block=0 idx=29 anim=0 alpha=1
  "e" pos=[260,38] size=[10,18] style=0 block=0 idx=30 anim=0 alpha=1
  "x" pos=[270,38] size=[10,18] style=0 block=0 idx=31 anim=0 alpha=1
  "t" pos=[280,38] size=[10,18] style=0 block=0 idx=32 anim=0 alpha=1
  "." pos=[290,38] size=[10,18] style=0 block=0 idx=33 anim=0 alpha=1
  "•" pos=[20,56] size=[10,18] style=9 block=0 idx=35 anim=0 alpha=1
  " " pos=[30,56] size=[10,18] style=9 block=0 idx=36 anim=0 alpha=1
  "i" pos=[40,56] size=[10,18] style=0 block=0 idx=37 anim=0 alpha=1
  "t" pos=[50,56] size=[10,18] style=0 block=0 idx=38 anim=0 alpha=1
  "e" pos=[60,56] size=[10,18] style=0 block=0 idx=39 anim=0 alpha=1
  "m" pos=[70,56] size=[10,18] style=0 block=0 idx=40 anim=0 alpha=1
  " " pos=[80,56] size=[10,18] style=0 block=0 idx=41 anim=0 alpha=1
  "o" pos=[90,56] size=[10,18] style=0 block=0 idx=42 anim=0 alpha=1
  "n" pos=[100,56] size=[10,18] style=0 block=0 idx=43 anim=0 alpha=1
  "e" pos=[110,56] size=[10,18] style=0 block=0 idx=44 anim=0 alpha=1
  "•" pos=[20,74] size=[10,18] style=9 block=0 idx=46 anim=0 alpha=1
  " " pos=[30,74] size=[10,18] style=9 block=0 idx=47 anim=0 alpha=1
  "i" pos=[40,74] size=[10,18] style=0 block=0 idx=48 anim=0 alpha=1
  "t" pos=[50,74] size=[10,18] style=0 block=0 idx=49 anim=0 alpha=1
  "e" pos=[60,74] size=[10,18] style=0 block=0 idx=50 anim=0 alpha=1
  "m" pos=[70,74] size=[10,18] style=0 block=0 idx=51 anim=0 alpha=1
  " " pos=[80,74] size=[10,18] style=0 block=0 idx=52 anim=0 alpha=1
  "t" pos=[90,74] size=[10,18] style=0 block=0 idx=53 anim=0 alpha=1
  "w" pos=[100,74] size=[10,18] style=0 block=0 idx=54 anim=0 alpha=1
  "o" pos=[110,74] size=[10,18] style=0 block=0 idx=55 anim=0 alpha=1
  "a" pos=[20,92] size=[10,18] style=18 block=0 idx=57 anim=2 alpha=1
  "b" pos=[30,92] size=[10,18] style=18 block=0 idx=58 anim=2 alpha=1
  "1" pos=[20,110] size=[10,18] style=17 block=0 idx=60 anim=0 alpha=1
  "2" pos=[30,110] size=[10,18] style=17 block=0 idx=61 anim=0 alpha=1
  "1" pos=[20,138] size=[10,18] style=43 block=0 idx=63 anim=0 alpha=1
  " " pos=[30,138] size=[10,18] style=43 block=0 idx=64 anim=0 alpha=1
  "f" pos=[40,138] size=[10,18] style=44 block=0 idx=65 anim=0 alpha=1
  "n" pos=[50,138] size=[10,18] style=44 block=0 idx=66 anim=0 alpha=1
  " " pos=[60,138] size=[10,18] style=5 block=0 idx=67 anim=0 alpha=1
  "m" pos=[70,138] size=[10,18] style=46 block=0 idx=68 anim=0 alpha=1
  "a" pos=[80,138] size=[10,18] style=46 block=0 idx=69 anim=0 alpha=1
  "i" pos=[90,138] size=[10,18] style=46 block=0 idx=70 anim=0 alpha=1
  "n" pos=[100,138] size=[10,18] style=46 block=0 idx=71 anim=0 alpha=1
  "(" pos=[110,138] size=[10,18] style=50 block=0 idx=72 anim=0 alpha=1
  ")" pos=[120,138] size=[10,18] style=50 block=0 idx=73 anim=0 alpha=1
  " " pos=[130,138] size=[10,18] style=5 block=0 idx=74 anim=0 alpha=1
  "{" pos=[140,138] size=[10,18] style=50 block=0 idx=75 anim=0 alpha=1
  "}" pos=[150,138] size=[10,18] style=50 block=0 idx=76 anim=0 alpha=1
rects: 4
panels: 0
images: 0
embeds: 0
widgets: 0
shaderboxes: 2
text: "TitleHello world, streaming text.• item one• item twoab121 fn main() {}"
