---
source: crates/core/tests/replay_snapshot.rs
expression: redacted_frame(frame)
---
glyphs: 71
  "T" pos=[0,0] size=[10,18] style=6 block=0 idx=0 anim=1 alpha=1
  "i" pos=[10,0] size=[10,18] style=6 block=0 idx=1 anim=1 alpha=1
  "t" pos=[20,0] size=[10,18] style=6 block=0 idx=2 anim=1 alpha=1
  "l" pos=[30,0] size=[10,18] style=6 block=0 idx=3 anim=1 alpha=1
  "e" pos=[40,0] size=[10,18] style=6 block=0 idx=4 anim=1 alpha=1
  "H" pos=[0,18] size=[10,18] style=0 block=0 idx=6 anim=0 alpha=1
  "e" pos=[10,18] size=[10,18] style=0 block=0 idx=7 anim=0 alpha=1
  "l" pos=[20,18] size=[10,18] style=0 block=0 idx=8 anim=0 alpha=1
  "l" pos=[30,18] size=[10,18] style=0 block=0 idx=9 anim=0 alpha=1
  "o" pos=[40,18] size=[10,18] style=0 block=0 idx=10 anim=0 alpha=1
  " " pos=[50,18] size=[10,18] style=0 block=0 idx=11 anim=0 alpha=1
  "w" pos=[60,18] size=[10,18] style=0 block=0 idx=12 anim=0 alpha=1
  "o" pos=[70,18] size=[10,18] style=0 block=0 idx=13 anim=0 alpha=1
  "r" pos=[80,18] size=[10,18] style=0 block=0 idx=14 anim=0 alpha=1
  "l" pos=[90,18] size=[10,18] style=0 block=0 idx=15 anim=0 alpha=1
  "d" pos=[100,18] size=[10,18] style=0 block=0 idx=16 anim=0 alpha=1
  "," pos=[110,18] size=[10,18] style=0 block=0 idx=17 anim=0 alpha=1
  " " pos=[120,18] size=[10,18] style=0 block=0 idx=18 anim=0 alpha=1
  "s" pos=[130,18] size=[10,18] style=0 block=0 idx=19 anim=0 alpha=1
  "t" pos=[140,18] size=[10,18] style=0 block=0 idx=20 anim=0 alpha=1
  "r" pos=[150,18] size=[10,18] style=0 block=0 idx=21 anim=0 alpha=1
  "e" pos=[160,18] size=[10,18] style=0 block=0 idx=22 anim=0 alpha=1
  "a" pos=[170,18] size=[10,18] style=0 block=0 idx=23 anim=0 alpha=1
  "m" pos=[180,18] size=[10,18] style=0 block=0 idx=24 anim=0 alpha=1
  "i" pos=[190,18] size=[10,18] style=0 block=0 idx=25 anim=0 alpha=1
  "n" pos=[200,18] size=[10,18] style=0 block=0 idx=26 anim=0 alpha=1
  "g" pos=[210,18] size=[10,18] style=0 block=0 idx=27 anim=0 alpha=1
  " " pos=[220,18] size=[10,18] style=0 block=0 idx=28 anim=0 alpha=1
  "t" pos=[230,18] size=[10,18] style=0 block=0 idx=29 anim=0 alpha=1
  "e" pos=[240,18] size=[10,18] style=0 block=0 idx=30 anim=0 alpha=1
  "x" pos=[250,18] size=[10,18] style=0 block=0 idx=31 anim=0 alpha=1
  "t" pos=[260,18] size=[10,18] style=0 block=0 idx=32 anim=0 alpha=1
  "." pos=[270,18] size=[10,18] style=0 block=0 idx=33 anim=0 alpha=1
  "•" pos=[0,36] size=[10,18] style=9 block=0 idx=35 anim=0 alpha=1
  " " pos=[10,36] size=[10,18] style=9 block=0 idx=36 anim=0 alpha=1
  "i" pos=[20,36] size=[10,18] style=0 block=0 idx=37 anim=0 alpha=1
  "t" pos=[30,36] size=[10,18] style=0 block=0 idx=38 anim=0 alpha=1
  "e" pos=[40,36] size=[10,18] style=0 block=0 idx=39 anim=0 alpha=1
  "m" pos=[50,36] size=[10,18] style=0 block=0 idx=40 anim=0 alpha=1
  " " pos=[60,36] size=[10,18] style=0 block=0 idx=41 anim=0 alpha=1
  "o" pos=[70,36] size=[10,18] style=0 block=0 idx=42 anim=0 alpha=1
  "n" pos=[80,36] size=[10,18] style=0 block=0 idx=43 anim=0 alpha=1
  "e" pos=[90,36] size=[10,18] style=0 block=0 idx=44 anim=0 alpha=1
  "•" pos=[0,54] size=[10,18] style=9 block=0 idx=46 anim=0 alpha=1
  " " pos=[10,54] size=[10,18] style=9 block=0 idx=47 anim=0 alpha=1
  "i" pos=[20,54] size=[10,18] style=0 block=0 idx=48 anim=0 alpha=1
  "t" pos=[30,54] size=[10,18] style=0 block=0 idx=49 anim=0 alpha=1
  "e" pos=[40,54] size=[10,18] style=0 block=0 idx=50 anim=0 alpha=1
  "m" pos=[50,54] size=[10,18] style=0 block=0 idx=51 anim=0 alpha=1
  " " pos=[60,54] size=[10,18] style=0 block=0 idx=52 anim=0 alpha=1
  "t" pos=[70,54] size=[10,18] style=0 block=0 idx=53 anim=0 alpha=1
  "w" pos=[80,54] size=[10,18] style=0 block=0 idx=54 anim=0 alpha=1
  "o" pos=[90,54] size=[10,18] style=0 block=0 idx=55 anim=0 alpha=1
  "a" pos=[0,72] size=[10,18] style=18 block=0 idx=57 anim=2 alpha=1
  "b" pos=[10,72] size=[10,18] style=18 block=0 idx=58 anim=2 alpha=1
  "1" pos=[0,90] size=[10,18] style=17 block=0 idx=60 anim=0 alpha=1
  "2" pos=[10,90] size=[10,18] style=17 block=0 idx=61 anim=0 alpha=1
  "1" pos=[0,118] size=[10,18] style=43 block=0 idx=63 anim=0 alpha=1
  " " pos=[10,118] size=[10,18] style=43 block=0 idx=64 anim=0 alpha=1
  "f" pos=[20,118] size=[10,18] style=44 block=0 idx=65 anim=0 alpha=1
  "n" pos=[30,118] size=[10,18] style=44 block=0 idx=66 anim=0 alpha=1
  " " pos=[40,118] size=[10,18] style=5 block=0 idx=67 anim=0 alpha=1
  "m" pos=[50,118] size=[10,18] style=46 block=0 idx=68 anim=0 alpha=1
  "a" pos=[60,118] size=[10,18] style=46 block=0 idx=69 anim=0 alpha=1
  "i" pos=[70,118] size=[10,18] style=46 block=0 idx=70 anim=0 alpha=1
  "n" pos=[80,118] size=[10,18] style=46 block=0 idx=71 anim=0 alpha=1
  "(" pos=[90,118] size=[10,18] style=50 block=0 idx=72 anim=0 alpha=1
  ")" pos=[100,118] size=[10,18] style=50 block=0 idx=73 anim=0 alpha=1
  " " pos=[110,118] size=[10,18] style=5 block=0 idx=74 anim=0 alpha=1
  "{" pos=[120,118] size=[10,18] style=50 block=0 idx=75 anim=0 alpha=1
  "}" pos=[130,118] size=[10,18] style=50 block=0 idx=76 anim=0 alpha=1
rects: 4
panels: 0
images: 0
embeds: 0
widgets: 0
shaderboxes: 1
text: "TitleHello world, streaming text.• item one• item twoab121 fn main() {}"
