---
source: crates/core/src/partspecific.rs
assertion_line: 673
expression: "dump(&tool_render(PartKind::Tool,\n&part(\"tool:bash · completed\", \"\",\nSome(r#\"{\"input\":{\"cmd\":\"ls -la\"},\"output\":\"a.txt\\nb.txt\"}\"#)), &ctx))"
---
ToolTitle | Shell
ToolArg |   {"cmd":"ls -la"}\n
CodePunct | $
CodeBlock |  ls 
CodePunct | -
CodeBlock | la
Normal | \n
Normal | \n
CodeBlock | a
CodePunct | .
CodeBlock | txt
Normal | \n
CodeBlock | b
CodePunct | .
CodeBlock | txt
